<html>
<body>
<pre>
<h1>礦ision Build Log</h1>
<h2>Tool Versions:</h2>
IDE-Version: μVision V5.14.0.0
Copyright (C) 2015 ARM Ltd and ARM Germany GmbH. All rights reserved.
License Information: 1 1, 1, LIC=DSNMM-XQZU9-YBUE9-4AM4V-JRC7T-MWX3I
 
Tool Versions:
Toolchain:       MDK-ARM Professional  Version: 5.14.0.0
Toolchain Path:  E:\Keil_v5\ARM\ARMCC\Bin
C Compiler:      Armcc.exe V5.05 update 1 (build 106)
Assembler:       Armasm.exe V5.05 update 1 (build 106)
Linker/Locator:  ArmLink.exe V5.05 update 1 (build 106)
Library Manager: ArmAr.exe V5.05 update 1 (build 106)
Hex Converter:   FromElf.exe V5.05 update 1 (build 106)
CPU DLL:         SARMCM3.DLL V5.14.0.0
Dialog DLL:      DARMSTM.DLL V1.65.0.0
Target DLL:      Segger\JL2CM3.dll V2.99.13.0
Dialog DLL:      TARMSTM.DLL V1.64.0.0
 
<h2>Project:</h2>
C:\Users\11204\Desktop\传感器 - 副本\USER\IIC.uvprojx
Project File Date:  02/25/2019

<h2>Output:</h2>
Rebuild target 'IIC'
compiling core_cm3.c...
assembling startup_stm32f10x_hd.s...
compiling misc.c...
compiling stm32f10x_fsmc.c...
compiling stm32f10x_gpio.c...
compiling stm32f10x_rcc.c...
compiling stm32f10x_usart.c...
compiling stm32f10x_tim.c...
compiling stm32f10x_i2c.c...
compiling usmart.c...
compiling usmart_config.c...
compiling usmart_str.c...
compiling delay.c...
compiling sys.c...
compiling usart.c...
compiling led.c...
compiling lcd.c...
compiling key.c...
compiling myiic.c...
..\Device\IIC\myiic.c(68): warning:  #223-D: function "printf" declared implicitly
        PrintMsg("1\r\n");
..\Device\IIC\myiic.c: 1 warning, 0 errors
compiling Cht8305.c...
..\Device\cht8305\Cht8305.c(18): warning:  #177-D: variable "ret" was declared but never referenced
        byte ret =0;
..\Device\cht8305\Cht8305.c(76): warning:  #223-D: function "printf" declared implicitly
         PrintMsg("temp=%f\r\n",(*temp));
..\Device\cht8305\Cht8305.c(77): warning:  #940-D: missing return statement at end of non-void function "CHT8305_get_temp_humi"
  }
..\Device\cht8305\Cht8305.c(64): warning:  #177-D: variable "hh" was declared but never referenced
        unsigned int th , tl, hh ,hl;
..\Device\cht8305\Cht8305.c(64): warning:  #177-D: variable "hl" was declared but never referenced
        unsigned int th , tl, hh ,hl;
..\Device\cht8305\Cht8305.c: 5 warnings, 0 errors
compiling 24cxx.c...
compiling main.c...
compiling stm32f10x_it.c...
compiling system_stm32f10x.c...
linking...
Program Size: Code=22572 RO-data=768 RW-data=360 ZI-data=1832  
FromELF: creating hex file...
After Build - User command #1: E:\Keil_v5\ARM\ARMCC\bin\fromelf.exe --bin -o "..\OBJ\IIC.bin" "..\OBJ\IIC.axf"
"..\OBJ\IIC.axf" - 0 Error(s), 6 Warning(s).

<h2>Collection of Component include folders:</h2>
  C:\Users\11204\Desktop\传感器 - 副本\USER\RTE
  E:\Keil_v5\ARM\PACK\Keil\STM32F1xx_DFP\2.2.0

<h2>Collection of Component Files used:</h2>
</pre>
</body>
</html>
